::1 - - [01/Sep/2026:09:10:22 +0000] "GET /product HTTP/1.1" 200 9 "-" "curl/8.5.0"
::1 - - [01/Sep/2026:09:10:53 +0000] "POST /product HTTP/1.1" 404 9 "-" "curl/8.5.0"
::1 - - [01/Sep/2026:09:11:04 +0000] "POST /product HTTP/1.1" 404 9 "-" "curl/8.5.0"
::1 - - [01/Sep/2026:09:11:23 +0000] "GET /product HTTP/1.1" 200 9 "-" "curl/8.5.0"
::1 - - [01/Sep/2026:09:12:52 +0000] "GET /product HTTP/1.1" 200 9 "-" "curl/8.5.0"
::1 - - [02/Sep/2026:05:16:43 +0000] "GET /api HTTP/1.1" 200 24 "-" "PostmanRuntime/7.39.1"
::1 - - [02/Sep/2026:06:28:37 +0000] "GET /users HTTP/1.1" 404 9 "-" "curl/8.5.0"
::1 - - [02/Sep/2026:06:28:41 +0000] "GET /user HTTP/1.1" 200 13 "-" "curl/8.5.0"
::1 - - [02/Sep/2026:06:28:59 +0000] "GET /user/mmmm/hoo HTTP/1.1" 200 13 "-" "curl/8.5.0"
::1 - - [02/Sep/2026:06:30:14 +0000] "GET /user/mmmm/hoo HTTP/1.1" 200 13 "-" "curl/8.5.0"
::1 - - [02/Sep/2026:06:31:23 +0000] "GET /user/mmmm HTTP/1.1" 200 15 "-" "curl/8.5.0"
::1 - - [02/Sep/2026:06:33:47 +0000] "GET /user/mmmm/hoho HTTP/1.1" 404 9 "-" "curl/8.5.0"
::1 - - [02/Sep/2026:06:33:52 +0000] "GET /user/mmmm/hoho/90 HTTP/1.1" 404 9 "-" "curl/8.5.0"
::1 - - [02/Sep/2026:06:37:32 +0000] "GET /user/mmmm/hoho/90 HTTP/1.1" 404 9 "-" "curl/8.5.0"
::1 - - [02/Sep/2026:06:42:03 +0000] "GET /user/mmmm/hoho/90 HTTP/1.1" 404 9 "-" "curl/8.5.0"
::1 - - [02/Sep/2026:06:42:16 +0000] "GET /user/mmmm/hoho/90 HTTP/1.1" 404 9 "-" "curl/8.5.0"
::1 - - [02/Sep/2026:06:42:31 +0000] "GET /user/mmmm/hoho/90 HTTP/1.1" 404 9 "-" "curl/8.5.0"
::1 - - [02/Sep/2026:06:42:50 +0000] "GET /user/mmmm/hoho/90 HTTP/1.1" 404 9 "-" "curl/8.5.0"
::1 - - [02/Sep/2026:06:45:05 +0000] "GET /user/mmmm/hoho/90 HTTP/1.1" 200 15 "-" "curl/8.5.0"
::1 - - [02/Sep/2026:06:45:37 +0000] "GET /user/mmmm/hoho/90 HTTP/1.1" 200 15 "-" "curl/8.5.0"
::1 - - [02/Sep/2026:06:46:40 +0000] "GET /user/mmmm/hoho/90 HTTP/1.1" 200 15 "-" "curl/8.5.0"
::1 - - [02/Sep/2026:06:47:08 +0000] "GET /user/mmmm/hoho/90 HTTP/1.1" 200 15 "-" "curl/8.5.0"
::1 - - [02/Sep/2026:06:47:41 +0000] "GET /user/mmmm/hoho/90 HTTP/1.1" 200 15 "-" "curl/8.5.0"
::1 - - [02/Sep/2026:06:52:58 +0000] "GET /user/mmmm/hoho HTTP/1.1" 200 13 "-" "curl/8.5.0"
::1 - - [02/Sep/2026:06:53:46 +0000] "GET /user/mmmm/hoho HTTP/1.1" 200 13 "-" "curl/8.5.0"
::1 - - [02/Sep/2026:06:54:00 +0000] "GET /user/mmmm/hoho/90 HTTP/1.1" 200 15 "-" "curl/8.5.0"
::1 - - [02/Sep/2026:06:57:02 +0000] "GET /user/mmmm/hoho/90 HTTP/1.1" 200 15 "-" "curl/8.5.0"
::1 - - [02/Sep/2026:06:57:09 +0000] "GET /user/mmmm/hoho HTTP/1.1" 200 13 "-" "curl/8.5.0"
::1 - - [02/Sep/2026:06:57:27 +0000] "GET /user/mmmm/hoho HTTP/1.1" 200 13 "-" "curl/8.5.0"
::1 - - [02/Sep/2026:07:02:43 +0000] "GET /user/mmmm/hoho HTTP/1.1" 200 13 "-" "curl/8.5.0"
::1 - - [02/Sep/2026:07:04:34 +0000] "GET /user/mmmm/hoho HTTP/1.1" 200 13 "-" "curl/8.5.0"
::1 - - [02/Sep/2026:07:04:51 +0000] "GET /user/mmmm/hoho HTTP/1.1" 200 13 "-" "curl/8.5.0"
::1 - - [02/Sep/2026:07:05:47 +0000] "GET /user HTTP/1.1" 200 13 "-" "curl/8.5.0"
::1 - - [02/Sep/2026:07:12:19 +0000] "GET /user HTTP/1.1" 200 13 "-" "curl/8.5.0"
::1 - - [02/Sep/2026:07:14:04 +0000] "GET /user HTTP/1.1" 200 13 "-" "curl/8.5.0"
::1 - - [02/Sep/2026:07:17:21 +0000] "GET /user HTTP/1.1" 200 13 "-" "curl/8.5.0"
::1 - - [02/Sep/2026:07:19:23 +0000] "GET /user HTTP/1.1" 200 13 "-" "curl/8.5.0"
